/bin/sh /Users/ziyuewen/Devspace/myprj/php-trace-ext/libtool --tag=CC --mode=compile cc -I. -I/Users/ziyuewen/Devspace/myprj/php-trace-ext -I/opt/homebrew/Cellar/php/8.4.13/include/php -I/opt/homebrew/Cellar/php/8.4.13/include/php/main -I/opt/homebrew/Cellar/php/8.4.13/include/php/TSRM -I/opt/homebrew/Cellar/php/8.4.13/include/php/Zend -I/opt/homebrew/Cellar/php/8.4.13/include/php/ext -I/opt/homebrew/Cellar/php/8.4.13/include/php/ext/date/lib  -DHAVE_CONFIG_H  -g -O2 -D_GNU_SOURCE    -DZEND_COMPILE_DL_EXT=1 -c /Users/ziyuewen/Devspace/myprj/php-trace-ext/trace.c -o trace.lo  -MMD -MF trace.dep -MT trace.lo
mkdir .libs
 cc -I. -I/Users/ziyuewen/Devspace/myprj/php-trace-ext -I/opt/homebrew/Cellar/php/8.4.13/include/php -I/opt/homebrew/Cellar/php/8.4.13/include/php/main -I/opt/homebrew/Cellar/php/8.4.13/include/php/TSRM -I/opt/homebrew/Cellar/php/8.4.13/include/php/Zend -I/opt/homebrew/Cellar/php/8.4.13/include/php/ext -I/opt/homebrew/Cellar/php/8.4.13/include/php/ext/date/lib -DHAVE_CONFIG_H -g -O2 -D_GNU_SOURCE -DZEND_COMPILE_DL_EXT=1 -c /Users/ziyuewen/Devspace/myprj/php-trace-ext/trace.c -MMD -MF trace.dep -MT trace.lo  -fno-common -DPIC -o .libs/trace.o
/bin/sh /Users/ziyuewen/Devspace/myprj/php-trace-ext/libtool --tag=CC --mode=link cc -shared -I/opt/homebrew/Cellar/php/8.4.13/include/php -I/opt/homebrew/Cellar/php/8.4.13/include/php/main -I/opt/homebrew/Cellar/php/8.4.13/include/php/TSRM -I/opt/homebrew/Cellar/php/8.4.13/include/php/Zend -I/opt/homebrew/Cellar/php/8.4.13/include/php/ext -I/opt/homebrew/Cellar/php/8.4.13/include/php/ext/date/lib  -DHAVE_CONFIG_H  -g -O2 -D_GNU_SOURCE  -L/opt/homebrew/opt/bison@2.7/lib -L/opt/homebrew/opt/libiconv/lib  -o trace.la -export-dynamic -avoid-version -prefer-pic -module -rpath /Users/ziyuewen/Devspace/myprj/php-trace-ext/modules  trace.lo 
cc ${wl}-flat_namespace ${wl}-undefined ${wl}suppress -o .libs/trace.so -bundle  .libs/trace.o  -L/opt/homebrew/opt/bison@2.7/lib -L/opt/homebrew/opt/libiconv/lib 
ld: warning: -undefined suppress is deprecated
dsymutil .libs/trace.so || :
creating trace.la
(cd .libs && rm -f trace.la && ln -s ../trace.la trace.la)
/bin/sh /Users/ziyuewen/Devspace/myprj/php-trace-ext/libtool --tag=CC --mode=install cp ./trace.la /Users/ziyuewen/Devspace/myprj/php-trace-ext/modules
cp ./.libs/trace.so /Users/ziyuewen/Devspace/myprj/php-trace-ext/modules/trace.so
cp ./.libs/trace.lai /Users/ziyuewen/Devspace/myprj/php-trace-ext/modules/trace.la
----------------------------------------------------------------------
Libraries have been installed in:
   /Users/ziyuewen/Devspace/myprj/php-trace-ext/modules

If you ever happen to want to link against installed libraries
in a given directory, LIBDIR, you must either use libtool, and
specify the full pathname of the library, or use the `-LLIBDIR'
flag during linking and do at least one of the following:
   - add LIBDIR to the `DYLD_LIBRARY_PATH' environment variable
     during execution

See any operating system documentation about shared libraries for
more information, such as the ld(1) and ld.so(8) manual pages.
----------------------------------------------------------------------

Build complete.
Don't forget to run 'make test'.

